
Gurobi 12.0.1 (mac64[arm], gurobi_cl) logging started Thu May 29 11:56:05 2025

Set parameter Username
Set parameter LicenseID to value 2646870
Set parameter TimeLimit to value 10000
Set parameter LogFile to value "gurobi.log"
Using license file /Users/randonov/gurobi.lic
Academic license - for non-commercial use only - expires 2026-04-03

Gurobi Optimizer version 12.0.1 build v12.0.1rc0 (mac64[arm] - Darwin 21.6.0 21H1320)
Copyright (c) 2025, Gurobi Optimization, LLC

Read LP format model from file /var/folders/mg/by6f6n9d2j94g_lk3b9m7nfrjxgrsr/T/1ef1e16e5f2949499979318d41c1b236-pulp.lp
Reading time = 0.04 seconds
current_value: 30544 rows, 15476 columns, 88137 nonzeros

Using Gurobi shared library /Library/gurobi1201/macos_universal2/lib/libgurobi120.dylib

CPU model: Apple M2
Thread count: 8 physical cores, 8 logical processors, using up to 8 threads

Non-default parameters:
TimeLimit  10000

Optimize a model with 30544 rows, 15476 columns and 88137 nonzeros
Model fingerprint: 0xd8f004d4
Variable types: 15065 continuous, 411 integer (411 binary)
Coefficient statistics:
  Matrix range     [1e+00, 4e+02]
  Objective range  [1e+00, 1e+00]
  Bounds range     [1e+00, 1e+00]
  RHS range        [1e+00, 4e+02]
Found heuristic solution: objective 6.0000000
Presolve time: 0.13s
Presolved: 30544 rows, 15476 columns, 88136 nonzeros
Variable types: 15065 continuous, 411 integer (411 binary)

Root simplex log...

Iteration    Objective       Primal Inf.    Dual Inf.      Time
   20982    7.9332720e+03   3.105365e+04   0.000000e+00      5s
   24633    7.5325000e+03   0.000000e+00   0.000000e+00      7s

Root relaxation: objective 7.532500e+03, 24633 iterations, 6.45 seconds (17.73 work units)

    Nodes    |    Current Node    |     Objective Bounds      |     Work
 Expl Unexpl |  Obj  Depth IntInf | Incumbent    BestBd   Gap | It/Node Time

     0     0 7532.50000    0  411    6.00000 7532.50000      -     -    6s
H    0     0                     762.0000000 7532.50000   889%     -    6s
H    0     0                     767.0000000 7532.50000   882%     -    7s
H    0     0                     768.0000000 7532.50000   881%     -    7s
H    0     0                     852.0000000 7532.47255   784%     -    9s
     0     0 6940.33791    0  411  852.00000 6940.33791   715%     -   19s
     0     0 6764.48684    0  411  852.00000 6764.48684   694%     -   29s
     0     0 6704.13138    0  411  852.00000 6704.13138   687%     -   32s
     0     0 6570.92708    0  411  852.00000 6570.92708   671%     -   45s
     0     0 6480.91192    0  411  852.00000 6480.91192   661%     -   53s
     0     0 6428.77945    0  410  852.00000 6428.77945   655%     -   61s
     0     0 6403.05297    0  411  852.00000 6403.05297   652%     -   75s
     0     0 6369.74790    0  410  852.00000 6369.74790   648%     -   92s
H    0     0                    1020.0000000 6369.74790   524%     -   99s
H    0     0                    1035.0000000 6369.74790   515%     -   99s
     0     0 6318.09787    0  410 1035.00000 6318.09787   510%     -   99s
     0     0 6317.87449    0  410 1035.00000 6317.87449   510%     -  103s
     0     0 6289.04884    0  410 1035.00000 6289.04884   508%     -  105s
     0     0 6289.04884    0  410 1035.00000 6289.04884   508%     -  106s
     0     0 6094.17602    0  411 1035.00000 6094.17602   489%     -  124s
H    0     0                    1036.0000000 6094.17602   488%     -  138s
H    0     0                    1096.0000000 6094.17602   456%     -  142s
H    0     0                    1104.0000000 6094.17602   452%     -  142s
H    0     0                    1113.0000000 6094.17602   448%     -  143s
H    0     0                    1116.0000000 6094.17602   446%     -  143s
H    0     0                    1117.0000000 6094.17602   446%     -  143s
H    0     0                    1120.0000000 6094.17602   444%     -  143s
     0     2 6094.17602    0  411 1120.00000 6094.17602   444%     -  144s
     1     3 4491.86511    1  297 1120.00000 6094.17602   444%  9979  155s
     2     6 4426.92808    2  296 1120.00000 6094.17602   444%  8400  160s
     5    11 4351.30679    3  295 1120.00000 6094.17602   444%  7547  172s
    10    19 4302.74147    4  294 1120.00000 6094.17602   444%  9094  179s
    18    51 4267.92846    5  293 1120.00000 6094.17602   444%  8454  188s
    50    60 4186.90843    7  291 1120.00000 6094.17602   444%  5739  193s
H   54    60                    1150.0000000 6094.17602   430%  5639  193s
    59    72 4130.34910    8  290 1150.00000 6094.17602   430%  5522  201s
    71   101 4079.73725    9  289 1150.00000 6094.17602   430%  5000  205s
